%!Adobe-FontList 1.14
%Locale:0x4009

%BeginFont
Handler:DirectoryHandler
FontType:Invalid
OutlineFileName:E:\sunny\business-exchange\html\updated-responsive\Font\alternate.eot
FileModTime:1383325558
%EndFont

%BeginFont
Handler:DirectoryHandler
FontType:Invalid
OutlineFileName:E:\sunny\business-exchange\html\updated-responsive\Font\alternate.svg
FileModTime:1383325558
%EndFont

%BeginFont
Handler:DirectoryHandler
FontType:TrueType
FontName:AlternateGothic2BTRegular
FamilyName:AlternateGothic2BTRegular
StyleName:Regular
FullName:Alternate Gothic No.2 BT
MenuName:AlternateGothic2BTRegular
StyleBits:0
WritingScript:Roman
OutlineFileName:E:\sunny\business-exchange\html\updated-responsive\Font\alternate.ttf
DataFormat:sfntData
FileLength:38948
FileModTime:1383325558
WeightClass:400
WidthClass:3
AngleClass:0
%EndFont

%BeginFont
Handler:DirectoryHandler
FontType:Invalid
OutlineFileName:E:\sunny\business-exchange\html\updated-responsive\Font\alternate.woff
FileModTime:1383325558
%EndFont

%BeginFont
Handler:DirectoryHandler
FontType:Invalid
OutlineFileName:E:\sunny\business-exchange\html\updated-responsive\Font\font.css
FileModTime:1383472172
%EndFont

%BeginFont
Handler:DirectoryHandler
FontType:Invalid
OutlineFileName:E:\sunny\business-exchange\html\updated-responsive\Font\gotham-black.eot
FileModTime:1383423524
%EndFont

%BeginFont
Handler:DirectoryHandler
FontType:Invalid
OutlineFileName:E:\sunny\business-exchange\html\updated-responsive\Font\gotham-black.svg
FileModTime:1383423524
%EndFont

%BeginFont
Handler:DirectoryHandler
FontType:TrueType
FontName:GothamBlack
FamilyName:Gotham
StyleName:Black
FullName:Gotham-Black
MenuName:GothamBlack
StyleBits:2
WritingScript:Roman
OutlineFileName:E:\sunny\business-exchange\html\updated-responsive\Font\gotham-black.ttf
DataFormat:sfntData
FileLength:69044
FileModTime:1383423524
WeightClass:450
WidthClass:5
AngleClass:0
%EndFont

%BeginFont
Handler:DirectoryHandler
FontType:Invalid
OutlineFileName:E:\sunny\business-exchange\html\updated-responsive\Font\gotham-black.woff
FileModTime:1383423524
%EndFont

%BeginFont
Handler:DirectoryHandler
FontType:Invalid
OutlineFileName:E:\sunny\business-exchange\html\updated-responsive\Font\helvetica.eot
FileModTime:1383468512
%EndFont

%BeginFont
Handler:DirectoryHandler
FontType:Invalid
OutlineFileName:E:\sunny\business-exchange\html\updated-responsive\Font\helvetica.svg
FileModTime:1383468512
%EndFont

%BeginFont
Handler:DirectoryHandler
FontType:TrueType
FontName:
FamilyName:.
StyleName:
FullName:.
MenuName:.
StyleBits:0
WritingScript:Roman
OutlineFileName:E:\sunny\business-exchange\html\updated-responsive\Font\helvetica.ttf
DataFormat:sfntData
FileLength:44164
FileModTime:1383468512
WeightClass:500
WidthClass:5
AngleClass:0
%EndFont

%BeginFont
Handler:DirectoryHandler
FontType:Invalid
OutlineFileName:E:\sunny\business-exchange\html\updated-responsive\Font\helvetica.woff
FileModTime:1383468512
%EndFont

%BeginFont
Handler:DirectoryHandler
FontType:Invalid
OutlineFileName:E:\sunny\business-exchange\html\updated-responsive\Font\helvetica_bold.eot
FileModTime:1383468512
%EndFont

%BeginFont
Handler:DirectoryHandler
FontType:Invalid
OutlineFileName:E:\sunny\business-exchange\html\updated-responsive\Font\helvetica_bold.svg
FileModTime:1383468512
%EndFont

%BeginFont
Handler:DirectoryHandler
FontType:TrueType
FontName:
FamilyName:.
StyleName:
FullName:.
MenuName:.
StyleBits:2
WritingScript:Roman
OutlineFileName:E:\sunny\business-exchange\html\updated-responsive\Font\helvetica_bold.ttf
DataFormat:sfntData
FileLength:41612
FileModTime:1383468512
WeightClass:700
WidthClass:5
AngleClass:0
%EndFont

%BeginFont
Handler:DirectoryHandler
FontType:Invalid
OutlineFileName:E:\sunny\business-exchange\html\updated-responsive\Font\helvetica_bold.woff
FileModTime:1383468512
%EndFont

